   1               		.file	"i2c_bitbang.c"
   2               	__SREG__ = 0x3f
   3               	__SP_H__ = 0x3e
   4               	__SP_L__ = 0x3d
   5               	__CCP__  = 0x34
   6               	__tmp_reg__ = 0
   7               	__zero_reg__ = 1
  15               	.Ltext0:
  16               		.section	.text.I2C_WriteBit,"ax",@progbits
  17               	.global	I2C_WriteBit
  19               	I2C_WriteBit:
  20               	.LFB6:
  21               	.LSM0:
  22               	.LVL0:
  23               	/* prologue: function */
  24               	/* frame size = 0 */
  25 0000 282F      		mov r18,r24
  26               	.LSM1:
  27 0002 8823      		tst r24
  28 0004 01F0      		breq .L2
  29               	.LSM2:
  30 0006 2798      		cbi 36-32,7
  31 0008 00C0      		rjmp .L3
  32               	.L2:
  33               	.LSM3:
  34 000a 279A      		sbi 36-32,7
  35               	.L3:
  36               	.LSM4:
  37 000c 2698      		cbi 36-32,6
  38               	.LBB79:
  39               	.LBB80:
  40               	.LBB81:
  41               	.LBB82:
  42               	.LSM5:
  43 000e 80EA      		ldi r24,lo8(4000)
  44 0010 9FE0      		ldi r25,hi8(4000)
  45               	.LVL1:
  46 0012 FC01      		movw r30,r24
  47               	.LVL2:
  48               	/* #APP */
  49               	 ;  105 "/usr/lib/gcc/avr/4.3.5/../../../avr/include/util/delay_basic.h" 1
  50 0014 3197      		1: sbiw r30,1
  51 0016 01F4      		brne 1b
  52               	 ;  0 "" 2
  53               	/* #NOAPP */
  54               	.LBE82:
  55               	.LBE81:
  56               	.LBE80:
  57               	.LBE79:
  58               	.LSM6:
  59 0018 269A      		sbi 36-32,6
  60               	.LBB83:
  61               	.LBB84:
  62               	.LBB85:
  63               	.LBB86:
  64               	.LSM7:
  65               	/* #APP */
  66               	 ;  105 "/usr/lib/gcc/avr/4.3.5/../../../avr/include/util/delay_basic.h" 1
  67 001a 0197      		1: sbiw r24,1
  68 001c 01F4      		brne 1b
  69               	 ;  0 "" 2
  70               	.LVL3:
  71               	/* #NOAPP */
  72               	.LBE86:
  73               	.LBE85:
  74               	.LBE84:
  75               	.LBE83:
  76               	.LSM8:
  77 001e 2111      		cpse r18,__zero_reg__
  78               	.LSM9:
  79 0020 279A      		sbi 36-32,7
  80               	.L4:
  81               	.LBB87:
  82               	.LBB88:
  83               	.LBB89:
  84               	.LBB90:
  85               	.LSM10:
  86 0022 80EA      		ldi r24,lo8(4000)
  87 0024 9FE0      		ldi r25,hi8(4000)
  88               	.LVL4:
  89               	/* #APP */
  90               	 ;  105 "/usr/lib/gcc/avr/4.3.5/../../../avr/include/util/delay_basic.h" 1
  91 0026 0197      		1: sbiw r24,1
  92 0028 01F4      		brne 1b
  93               	 ;  0 "" 2
  94               	/* epilogue start */
  95               	/* #NOAPP */
  96               	.LBE90:
  97               	.LBE89:
  98               	.LBE88:
  99               	.LBE87:
 100               	.LSM11:
 101 002a 0895      		ret
 102               	.LFE6:
 104               		.section	.text.I2C_ReadBit,"ax",@progbits
 105               	.global	I2C_ReadBit
 107               	I2C_ReadBit:
 108               	.LFB7:
 109               	.LSM12:
 110               	/* prologue: function */
 111               	/* frame size = 0 */
 112               	.LSM13:
 113 0000 2798      		cbi 36-32,7
 114               	.LSM14:
 115 0002 2698      		cbi 36-32,6
 116               	.LBB91:
 117               	.LBB92:
 118               	.LBB93:
 119               	.LBB94:
 120               	.LSM15:
 121 0004 20EA      		ldi r18,lo8(4000)
 122 0006 3FE0      		ldi r19,hi8(4000)
 123 0008 C901      		movw r24,r18
 124               	.LVL5:
 125               	/* #APP */
 126               	 ;  105 "/usr/lib/gcc/avr/4.3.5/../../../avr/include/util/delay_basic.h" 1
 127 000a 0197      		1: sbiw r24,1
 128 000c 01F4      		brne 1b
 129               	 ;  0 "" 2
 130               	/* #NOAPP */
 131               	.LBE94:
 132               	.LBE93:
 133               	.LBE92:
 134               	.LBE91:
 135               	.LSM16:
 136 000e 83B1      		in r24,35-32
 137               	.LVL6:
 138               	.LSM17:
 139 0010 269A      		sbi 36-32,6
 140               	.LBB95:
 141               	.LBB96:
 142               	.LBB97:
 143               	.LBB98:
 144               	.LSM18:
 145 0012 F901      		movw r30,r18
 146               	.LVL7:
 147               	/* #APP */
 148               	 ;  105 "/usr/lib/gcc/avr/4.3.5/../../../avr/include/util/delay_basic.h" 1
 149 0014 3197      		1: sbiw r30,1
 150 0016 01F4      		brne 1b
 151               	 ;  0 "" 2
 152               	/* #NOAPP */
 153               	.LBE98:
 154               	.LBE97:
 155               	.LBE96:
 156               	.LBE95:
 157               	.LSM19:
 158 0018 881F      		rol r24
 159 001a 8827      		clr r24
 160 001c 881F      		rol r24
 161               	.LVL8:
 162               	/* epilogue start */
 163 001e 0895      		ret
 164               	.LFE7:
 166               		.section	.text.I2C_Init,"ax",@progbits
 167               	.global	I2C_Init
 169               	I2C_Init:
 170               	.LFB8:
 171               	.LSM20:
 172               	/* prologue: function */
 173               	/* frame size = 0 */
 174               	.LSM21:
 175 0000 85B1      		in r24,37-32
 176 0002 8F73      		andi r24,lo8(63)
 177 0004 85B9      		out 37-32,r24
 178               	.LSM22:
 179 0006 2698      		cbi 36-32,6
 180               	.LSM23:
 181 0008 2798      		cbi 36-32,7
 182               	.LBB99:
 183               	.LBB100:
 184               	.LBB101:
 185               	.LBB102:
 186               	.LSM24:
 187 000a 80EA      		ldi r24,lo8(4000)
 188 000c 9FE0      		ldi r25,hi8(4000)
 189               	.LVL9:
 190               	/* #APP */
 191               	 ;  105 "/usr/lib/gcc/avr/4.3.5/../../../avr/include/util/delay_basic.h" 1
 192 000e 0197      		1: sbiw r24,1
 193 0010 01F4      		brne 1b
 194               	 ;  0 "" 2
 195               	/* epilogue start */
 196               	/* #NOAPP */
 197               	.LBE102:
 198               	.LBE101:
 199               	.LBE100:
 200               	.LBE99:
 201               	.LSM25:
 202 0012 0895      		ret
 203               	.LFE8:
 205               		.section	.text.I2C_Start,"ax",@progbits
 206               	.global	I2C_Start
 208               	I2C_Start:
 209               	.LFB9:
 210               	.LSM26:
 211               	/* prologue: function */
 212               	/* frame size = 0 */
 213               	.LSM27:
 214 0000 84B1      		in r24,36-32
 215 0002 8F73      		andi r24,lo8(63)
 216 0004 84B9      		out 36-32,r24
 217               	.LBB103:
 218               	.LBB104:
 219               	.LBB105:
 220               	.LBB106:
 221               	.LSM28:
 222 0006 80EA      		ldi r24,lo8(4000)
 223 0008 9FE0      		ldi r25,hi8(4000)
 224 000a FC01      		movw r30,r24
 225               	.LVL10:
 226               	/* #APP */
 227               	 ;  105 "/usr/lib/gcc/avr/4.3.5/../../../avr/include/util/delay_basic.h" 1
 228 000c 3197      		1: sbiw r30,1
 229 000e 01F4      		brne 1b
 230               	 ;  0 "" 2
 231               	/* #NOAPP */
 232               	.LBE106:
 233               	.LBE105:
 234               	.LBE104:
 235               	.LBE103:
 236               	.LSM29:
 237 0010 279A      		sbi 36-32,7
 238               	.LBB107:
 239               	.LBB108:
 240               	.LBB109:
 241               	.LBB110:
 242               	.LSM30:
 243 0012 FC01      		movw r30,r24
 244               	.LVL11:
 245               	/* #APP */
 246               	 ;  105 "/usr/lib/gcc/avr/4.3.5/../../../avr/include/util/delay_basic.h" 1
 247 0014 3197      		1: sbiw r30,1
 248 0016 01F4      		brne 1b
 249               	 ;  0 "" 2
 250               	/* #NOAPP */
 251               	.LBE110:
 252               	.LBE109:
 253               	.LBE108:
 254               	.LBE107:
 255               	.LSM31:
 256 0018 269A      		sbi 36-32,6
 257               	.LBB111:
 258               	.LBB112:
 259               	.LBB113:
 260               	.LBB114:
 261               	.LSM32:
 262               	/* #APP */
 263               	 ;  105 "/usr/lib/gcc/avr/4.3.5/../../../avr/include/util/delay_basic.h" 1
 264 001a 0197      		1: sbiw r24,1
 265 001c 01F4      		brne 1b
 266               	 ;  0 "" 2
 267               	.LVL12:
 268               	/* epilogue start */
 269               	/* #NOAPP */
 270               	.LBE114:
 271               	.LBE113:
 272               	.LBE112:
 273               	.LBE111:
 274               	.LSM33:
 275 001e 0895      		ret
 276               	.LFE9:
 278               		.section	.text.I2C_Stop,"ax",@progbits
 279               	.global	I2C_Stop
 281               	I2C_Stop:
 282               	.LFB10:
 283               	.LSM34:
 284               	/* prologue: function */
 285               	/* frame size = 0 */
 286               	.LSM35:
 287 0000 2698      		cbi 36-32,6
 288               	.LBB115:
 289               	.LBB116:
 290               	.LBB117:
 291               	.LBB118:
 292               	.LSM36:
 293 0002 80EA      		ldi r24,lo8(4000)
 294 0004 9FE0      		ldi r25,hi8(4000)
 295 0006 FC01      		movw r30,r24
 296               	.LVL13:
 297               	/* #APP */
 298               	 ;  105 "/usr/lib/gcc/avr/4.3.5/../../../avr/include/util/delay_basic.h" 1
 299 0008 3197      		1: sbiw r30,1
 300 000a 01F4      		brne 1b
 301               	 ;  0 "" 2
 302               	/* #NOAPP */
 303               	.LBE118:
 304               	.LBE117:
 305               	.LBE116:
 306               	.LBE115:
 307               	.LSM37:
 308 000c 2798      		cbi 36-32,7
 309               	.LBB119:
 310               	.LBB120:
 311               	.LBB121:
 312               	.LBB122:
 313               	.LSM38:
 314               	/* #APP */
 315               	 ;  105 "/usr/lib/gcc/avr/4.3.5/../../../avr/include/util/delay_basic.h" 1
 316 000e 0197      		1: sbiw r24,1
 317 0010 01F4      		brne 1b
 318               	 ;  0 "" 2
 319               	.LVL14:
 320               	/* epilogue start */
 321               	/* #NOAPP */
 322               	.LBE122:
 323               	.LBE121:
 324               	.LBE120:
 325               	.LBE119:
 326               	.LSM39:
 327 0012 0895      		ret
 328               	.LFE10:
 330               		.section	.text.I2C_Write,"ax",@progbits
 331               	.global	I2C_Write
 333               	I2C_Write:
 334               	.LFB11:
 335               	.LSM40:
 336               	.LVL15:
 337 0000 0F93      		push r16
 338 0002 1F93      		push r17
 339               	/* prologue: function */
 340               	/* frame size = 0 */
 341 0004 082F      		mov r16,r24
 342               	.LSM41:
 343 0006 10E0      		ldi r17,lo8(0)
 344               	.LVL16:
 345               	.L15:
 346               	.LBB123:
 347               	.LSM42:
 348 0008 802F      		mov r24,r16
 349 000a 8078      		andi r24,lo8(-128)
 350 000c 0E94 0000 		call I2C_WriteBit
 351               	.LSM43:
 352 0010 000F      		lsl r16
 353               	.LSM44:
 354 0012 1F5F      		subi r17,lo8(-(1))
 355 0014 1830      		cpi r17,lo8(8)
 356 0016 01F4      		brne .L15
 357               	.LBE123:
 358               	.LSM45:
 359 0018 0E94 0000 		call I2C_ReadBit
 360               	/* epilogue start */
 361               	.LSM46:
 362 001c 1F91      		pop r17
 363               	.LVL17:
 364 001e 0F91      		pop r16
 365               	.LVL18:
 366 0020 0895      		ret
 367               	.LFE11:
 369               		.section	.text.I2C_Read,"ax",@progbits
 370               	.global	I2C_Read
 372               	I2C_Read:
 373               	.LFB12:
 374               	.LSM47:
 375               	.LVL19:
 376 0000 FF92      		push r15
 377 0002 0F93      		push r16
 378 0004 1F93      		push r17
 379               	/* prologue: function */
 380               	/* frame size = 0 */
 381 0006 F82E      		mov r15,r24
 382               	.LSM48:
 383 0008 00E0      		ldi r16,lo8(0)
 384               	.LVL20:
 385 000a 10E0      		ldi r17,lo8(0)
 386               	.LVL21:
 387               	.L19:
 388               	.LBB124:
 389               	.LSM49:
 390 000c 000F      		lsl r16
 391               	.LSM50:
 392 000e 0E94 0000 		call I2C_ReadBit
 393 0012 082B      		or r16,r24
 394               	.LSM51:
 395 0014 1F5F      		subi r17,lo8(-(1))
 396 0016 1830      		cpi r17,lo8(8)
 397 0018 01F4      		brne .L19
 398               	.LBE124:
 399               	.LSM52:
 400 001a FF20      		tst r15
 401 001c 01F0      		breq .L20
 402               	.LSM53:
 403 001e 80E0      		ldi r24,lo8(0)
 404 0020 00C0      		rjmp .L24
 405               	.L20:
 406               	.LSM54:
 407 0022 81E0      		ldi r24,lo8(1)
 408               	.L24:
 409 0024 0E94 0000 		call I2C_WriteBit
 410               	.LBB125:
 411               	.LBB126:
 412               	.LBB127:
 413               	.LBB128:
 414               	.LSM55:
 415 0028 80EA      		ldi r24,lo8(4000)
 416 002a 9FE0      		ldi r25,hi8(4000)
 417               	.LVL22:
 418               	/* #APP */
 419               	 ;  105 "/usr/lib/gcc/avr/4.3.5/../../../avr/include/util/delay_basic.h" 1
 420 002c 0197      		1: sbiw r24,1
 421 002e 01F4      		brne 1b
 422               	 ;  0 "" 2
 423               	/* #NOAPP */
 424               	.LBE128:
 425               	.LBE127:
 426               	.LBE126:
 427               	.LBE125:
 428               	.LSM56:
 429 0030 802F      		mov r24,r16
 430               	.LVL23:
 431               	/* epilogue start */
 432 0032 1F91      		pop r17
 433               	.LVL24:
 434 0034 0F91      		pop r16
 435               	.LVL25:
 436 0036 FF90      		pop r15
 437               	.LVL26:
 438 0038 0895      		ret
 439               	.LFE12:
 513               	.Letext0:
DEFINED SYMBOLS
                            *ABS*:0000000000000000 i2c_bitbang.c
     /tmp/ccEWElZR.s:2      *ABS*:000000000000003f __SREG__
     /tmp/ccEWElZR.s:3      *ABS*:000000000000003e __SP_H__
     /tmp/ccEWElZR.s:4      *ABS*:000000000000003d __SP_L__
     /tmp/ccEWElZR.s:5      *ABS*:0000000000000034 __CCP__
     /tmp/ccEWElZR.s:6      *ABS*:0000000000000000 __tmp_reg__
     /tmp/ccEWElZR.s:7      *ABS*:0000000000000001 __zero_reg__
     /tmp/ccEWElZR.s:19     .text.I2C_WriteBit:0000000000000000 I2C_WriteBit
     /tmp/ccEWElZR.s:107    .text.I2C_ReadBit:0000000000000000 I2C_ReadBit
     /tmp/ccEWElZR.s:169    .text.I2C_Init:0000000000000000 I2C_Init
     /tmp/ccEWElZR.s:208    .text.I2C_Start:0000000000000000 I2C_Start
     /tmp/ccEWElZR.s:281    .text.I2C_Stop:0000000000000000 I2C_Stop
     /tmp/ccEWElZR.s:333    .text.I2C_Write:0000000000000000 I2C_Write
     /tmp/ccEWElZR.s:372    .text.I2C_Read:0000000000000000 I2C_Read

NO UNDEFINED SYMBOLS
