   1               		.file	"uart.c"
   2               	__SREG__ = 0x3f
   3               	__SP_H__ = 0x3e
   4               	__SP_L__ = 0x3d
   5               	__CCP__  = 0x34
   6               	__tmp_reg__ = 0
   7               	__zero_reg__ = 1
  15               	.Ltext0:
  16               		.section	.text.uart_init,"ax",@progbits
  17               	.global	uart_init
  19               	uart_init:
  20               	.LFB2:
  21               	.LSM0:
  22               	.LVL0:
  23               	/* prologue: function */
  24               	/* frame size = 0 */
  25 0000 9B01      		movw r18,r22
  26 0002 AC01      		movw r20,r24
  27               	.LSM1:
  28               	/* #APP */
  29               	 ;  47 "uart.c" 1
  30 0004 F894      		cli
  31               	 ;  0 "" 2
  32               	.LSM2:
  33               	/* #NOAPP */
  34 0006 60E0      		ldi r22,lo8(4000000)
  35 0008 79E0      		ldi r23,hi8(4000000)
  36 000a 8DE3      		ldi r24,hlo8(4000000)
  37 000c 90E0      		ldi r25,hhi8(4000000)
  38               	.LVL1:
  39 000e 0E94 0000 		call __udivmodsi4
  40               	.LVL2:
  41 0012 2150      		subi r18,lo8(-(-1))
  42 0014 3040      		sbci r19,hi8(-(-1))
  43 0016 4040      		sbci r20,hlo8(-(-1))
  44 0018 5040      		sbci r21,hhi8(-(-1))
  45 001a 5695      		lsr r21
  46 001c 4795      		ror r20
  47 001e 3795      		ror r19
  48 0020 2795      		ror r18
  49 0022 3093 CD00 		sts (204)+1,r19
  50 0026 2093 CC00 		sts 204,r18
  51               	.LSM3:
  52 002a 82E0      		ldi r24,lo8(2)
  53 002c 8093 C800 		sts 200,r24
  54               	.LSM4:
  55 0030 88E9      		ldi r24,lo8(-104)
  56 0032 8093 C900 		sts 201,r24
  57               	.LSM5:
  58 0036 86E0      		ldi r24,lo8(6)
  59 0038 8093 CA00 		sts 202,r24
  60               	.LSM6:
  61 003c 1092 0000 		sts tx_buffer_tail,__zero_reg__
  62 0040 8091 0000 		lds r24,tx_buffer_tail
  63 0044 8093 0000 		sts tx_buffer_head,r24
  64               	.LSM7:
  65 0048 1092 0000 		sts rx_buffer_tail,__zero_reg__
  66 004c 8091 0000 		lds r24,rx_buffer_tail
  67 0050 8093 0000 		sts rx_buffer_head,r24
  68               	.LSM8:
  69               	/* #APP */
  70               	 ;  54 "uart.c" 1
  71 0054 7894      		sei
  72               	 ;  0 "" 2
  73               	/* epilogue start */
  74               	.LSM9:
  75               	/* #NOAPP */
  76 0056 0895      		ret
  77               	.LFE2:
  79               		.section	.text.uart_putchar,"ax",@progbits
  80               	.global	uart_putchar
  82               	uart_putchar:
  83               	.LFB3:
  84               	.LSM10:
  85               	.LVL3:
  86               	/* prologue: function */
  87               	/* frame size = 0 */
  88 0000 282F      		mov r18,r24
  89               	.LSM11:
  90 0002 9091 0000 		lds r25,tx_buffer_head
  91               	.LVL4:
  92 0006 9F5F      		subi r25,lo8(-(1))
  93               	.LSM12:
  94 0008 9832      		cpi r25,lo8(40)
  95 000a 00F0      		brlo .L6
  96               	.LVL5:
  97 000c 90E0      		ldi r25,lo8(0)
  98               	.L6:
  99               	.LSM13:
 100 000e 8091 0000 		lds r24,tx_buffer_tail
 101 0012 8917      		cp r24,r25
 102 0014 01F0      		breq .L6
 103               	.LSM14:
 104 0016 E92F      		mov r30,r25
 105 0018 F0E0      		ldi r31,lo8(0)
 106 001a E050      		subi r30,lo8(-(tx_buffer))
 107 001c F040      		sbci r31,hi8(-(tx_buffer))
 108 001e 2083      		st Z,r18
 109               	.LSM15:
 110 0020 9093 0000 		sts tx_buffer_head,r25
 111               	.LSM16:
 112 0024 88EB      		ldi r24,lo8(-72)
 113 0026 8093 C900 		sts 201,r24
 114               	/* epilogue start */
 115               	.LSM17:
 116 002a 0895      		ret
 117               	.LFE3:
 119               		.section	.text.uart_getchar,"ax",@progbits
 120               	.global	uart_getchar
 122               	uart_getchar:
 123               	.LFB4:
 124               	.LSM18:
 125               	/* prologue: function */
 126               	/* frame size = 0 */
 127               	.L9:
 128               	.LSM19:
 129 0000 9091 0000 		lds r25,rx_buffer_head
 130 0004 8091 0000 		lds r24,rx_buffer_tail
 131 0008 9817      		cp r25,r24
 132 000a 01F0      		breq .L9
 133               	.LSM20:
 134 000c 9091 0000 		lds r25,rx_buffer_tail
 135               	.LVL6:
 136 0010 9F5F      		subi r25,lo8(-(1))
 137               	.LSM21:
 138 0012 9034      		cpi r25,lo8(64)
 139 0014 00F0      		brlo .L10
 140 0016 90E0      		ldi r25,lo8(0)
 141               	.L10:
 142               	.LSM22:
 143 0018 E92F      		mov r30,r25
 144 001a F0E0      		ldi r31,lo8(0)
 145 001c E050      		subi r30,lo8(-(rx_buffer))
 146 001e F040      		sbci r31,hi8(-(rx_buffer))
 147 0020 8081      		ld r24,Z
 148               	.LVL7:
 149               	.LSM23:
 150 0022 9093 0000 		sts rx_buffer_tail,r25
 151               	.LVL8:
 152               	/* epilogue start */
 153               	.LSM24:
 154 0026 0895      		ret
 155               	.LFE4:
 157               		.section	.text.uart_available,"ax",@progbits
 158               	.global	uart_available
 160               	uart_available:
 161               	.LFB5:
 162               	.LSM25:
 163               	/* prologue: function */
 164               	/* frame size = 0 */
 165               	.LSM26:
 166 0000 8091 0000 		lds r24,rx_buffer_head
 167               	.LVL9:
 168               	.LSM27:
 169 0004 9091 0000 		lds r25,rx_buffer_tail
 170               	.LVL10:
 171               	.LSM28:
 172 0008 8917      		cp r24,r25
 173 000a 00F0      		brlo .L14
 174 000c 891B      		sub r24,r25
 175               	.LVL11:
 176 000e 0895      		ret
 177               	.LVL12:
 178               	.L14:
 179               	.LSM29:
 180 0010 805C      		subi r24,lo8(-(64))
 181               	.LVL13:
 182 0012 891B      		sub r24,r25
 183               	.LSM30:
 184 0014 0895      		ret
 185               	.LFE5:
 187               		.section	.text.__vector_24,"ax",@progbits
 188               	.global	__vector_24
 190               	__vector_24:
 191               	.LFB6:
 192               	.LSM31:
 193 0000 1F92      		push __zero_reg__
 194 0002 0F92      		push r0
 195 0004 0FB6      		in r0,__SREG__
 196 0006 0F92      		push r0
 197 0008 1124      		clr __zero_reg__
 198 000a 8F93      		push r24
 199 000c 9F93      		push r25
 200 000e EF93      		push r30
 201 0010 FF93      		push r31
 202               	/* prologue: Signal */
 203               	/* frame size = 0 */
 204               	.LSM32:
 205 0012 9091 0000 		lds r25,tx_buffer_head
 206 0016 8091 0000 		lds r24,tx_buffer_tail
 207 001a 9817      		cp r25,r24
 208 001c 01F4      		brne .L18
 209               	.LSM33:
 210 001e 88E9      		ldi r24,lo8(-104)
 211 0020 8093 C900 		sts 201,r24
 212 0024 00C0      		rjmp .L21
 213               	.L18:
 214               	.LSM34:
 215 0026 9091 0000 		lds r25,tx_buffer_tail
 216               	.LVL14:
 217 002a 9F5F      		subi r25,lo8(-(1))
 218               	.LSM35:
 219 002c 9832      		cpi r25,lo8(40)
 220 002e 00F0      		brlo .L20
 221 0030 90E0      		ldi r25,lo8(0)
 222               	.L20:
 223               	.LSM36:
 224 0032 E92F      		mov r30,r25
 225 0034 F0E0      		ldi r31,lo8(0)
 226 0036 E050      		subi r30,lo8(-(tx_buffer))
 227 0038 F040      		sbci r31,hi8(-(tx_buffer))
 228 003a 8081      		ld r24,Z
 229 003c 8093 CE00 		sts 206,r24
 230               	.LSM37:
 231 0040 9093 0000 		sts tx_buffer_tail,r25
 232               	.L21:
 233               	/* epilogue start */
 234               	.LSM38:
 235 0044 FF91      		pop r31
 236 0046 EF91      		pop r30
 237 0048 9F91      		pop r25
 238               	.LVL15:
 239 004a 8F91      		pop r24
 240 004c 0F90      		pop r0
 241 004e 0FBE      		out __SREG__,r0
 242 0050 0F90      		pop r0
 243 0052 1F90      		pop __zero_reg__
 244 0054 1895      		reti
 245               	.LFE6:
 247               		.section	.text.__vector_23,"ax",@progbits
 248               	.global	__vector_23
 250               	__vector_23:
 251               	.LFB7:
 252               	.LSM39:
 253 0000 1F92      		push __zero_reg__
 254 0002 0F92      		push r0
 255 0004 0FB6      		in r0,__SREG__
 256 0006 0F92      		push r0
 257 0008 1124      		clr __zero_reg__
 258 000a 2F93      		push r18
 259 000c 8F93      		push r24
 260 000e 9F93      		push r25
 261 0010 EF93      		push r30
 262 0012 FF93      		push r31
 263               	/* prologue: Signal */
 264               	/* frame size = 0 */
 265               	.LSM40:
 266 0014 2091 CE00 		lds r18,206
 267               	.LVL16:
 268               	.LSM41:
 269 0018 9091 0000 		lds r25,rx_buffer_head
 270               	.LVL17:
 271 001c 9F5F      		subi r25,lo8(-(1))
 272               	.LSM42:
 273 001e 9034      		cpi r25,lo8(64)
 274 0020 00F0      		brlo .L23
 275 0022 90E0      		ldi r25,lo8(0)
 276               	.L23:
 277               	.LSM43:
 278 0024 8091 0000 		lds r24,rx_buffer_tail
 279 0028 9817      		cp r25,r24
 280 002a 01F0      		breq .L25
 281               	.LSM44:
 282 002c E92F      		mov r30,r25
 283 002e F0E0      		ldi r31,lo8(0)
 284 0030 E050      		subi r30,lo8(-(rx_buffer))
 285 0032 F040      		sbci r31,hi8(-(rx_buffer))
 286 0034 2083      		st Z,r18
 287               	.LSM45:
 288 0036 9093 0000 		sts rx_buffer_head,r25
 289               	.L25:
 290               	/* epilogue start */
 291               	.LSM46:
 292 003a FF91      		pop r31
 293 003c EF91      		pop r30
 294 003e 9F91      		pop r25
 295               	.LVL18:
 296 0040 8F91      		pop r24
 297 0042 2F91      		pop r18
 298               	.LVL19:
 299 0044 0F90      		pop r0
 300 0046 0FBE      		out __SREG__,r0
 301 0048 0F90      		pop r0
 302 004a 1F90      		pop __zero_reg__
 303 004c 1895      		reti
 304               	.LFE7:
 306               		.lcomm tx_buffer,40
 307               		.lcomm tx_buffer_head,1
 308               		.lcomm tx_buffer_tail,1
 309               		.lcomm rx_buffer,64
 310               		.lcomm rx_buffer_head,1
 311               		.lcomm rx_buffer_tail,1
 376               	.Letext0:
DEFINED SYMBOLS
                            *ABS*:0000000000000000 uart.c
     /tmp/cc1XfkOM.s:2      *ABS*:000000000000003f __SREG__
     /tmp/cc1XfkOM.s:3      *ABS*:000000000000003e __SP_H__
     /tmp/cc1XfkOM.s:4      *ABS*:000000000000003d __SP_L__
     /tmp/cc1XfkOM.s:5      *ABS*:0000000000000034 __CCP__
     /tmp/cc1XfkOM.s:6      *ABS*:0000000000000000 __tmp_reg__
     /tmp/cc1XfkOM.s:7      *ABS*:0000000000000001 __zero_reg__
     /tmp/cc1XfkOM.s:19     .text.uart_init:0000000000000000 uart_init
     /tmp/cc1XfkOM.s:307    .bss:0000000000000029 tx_buffer_tail
     /tmp/cc1XfkOM.s:306    .bss:0000000000000028 tx_buffer_head
     /tmp/cc1XfkOM.s:310    .bss:000000000000006b rx_buffer_tail
     /tmp/cc1XfkOM.s:309    .bss:000000000000006a rx_buffer_head
     /tmp/cc1XfkOM.s:82     .text.uart_putchar:0000000000000000 uart_putchar
                             .bss:0000000000000000 tx_buffer
     /tmp/cc1XfkOM.s:122    .text.uart_getchar:0000000000000000 uart_getchar
     /tmp/cc1XfkOM.s:308    .bss:000000000000002a rx_buffer
     /tmp/cc1XfkOM.s:160    .text.uart_available:0000000000000000 uart_available
     /tmp/cc1XfkOM.s:190    .text.__vector_24:0000000000000000 __vector_24
     /tmp/cc1XfkOM.s:250    .text.__vector_23:0000000000000000 __vector_23

UNDEFINED SYMBOLS
__udivmodsi4
__do_clear_bss
